<html>
<body>
<pre>
<h1>µVision Build Log</h1>
<h2>Tool Versions:</h2>
IDE-Version: µVision V5.38.0.0
Copyright (C) 2022 ARM Ltd and ARM Germany GmbH. All rights reserved.
License Information: Dale KIM, STMicroelectronics, LIC=0VR8P-6MRGM-KQKN0-9RJXQ-JWCZ1-LX2PW
 
Tool Versions:
Toolchain:       MDK-ARM Professional  Version: 5.38.0.0
Toolchain Path:  C:\Keil_v5\ARM\ARMCLANG\Bin
C Compiler:      ArmClang.exe V6.19
Assembler:       Armasm.exe V6.19
Linker/Locator:  ArmLink.exe V6.19
Library Manager: ArmAr.exe V6.19
Hex Converter:   FromElf.exe V6.19
CPU DLL:         
Dialog DLL:      
Target DLL:      STLink\ST-LINKIII-KEIL_SWO.dll V3.1.0.0
Dialog DLL:      TCM.DLL V1.56.4.0
 
<h2>Project:</h2>
C:\Workspace\STM32U5x9J-DK_FreeRTOS_Custom-main\MDK-ARM\STM32U5x9J-DK_FreeRTOS_Custom.uvprojx
Project File Date:  06/14/2023

<h2>Output:</h2>
*** Using Compiler 'V6.19', folder: 'C:\Keil_v5\ARM\ARMCLANG\Bin'
Rebuild target 'STM32U5x9J-DK_FreeRTOS_Custom'
compiling retarget.c...
compiling main.c...
compiling crc.c...
compiling app_freertos.c...
compiling dcache.c...
compiling gpio.c...
assembling startup_stm32u599xx.s...
compiling dma2d.c...
compiling gpu2d.c...
compiling icache.c...
compiling dsihost.c...
compiling i2c.c...
compiling ltdc.c...
compiling octospi.c...
compiling tim.c...
compiling stm32u5xx_hal_msp.c...
compiling CortexMMCUInstrumentation.cpp...
compiling stm32u5xx_it.c...
compiling stm32u5xx_hal_timebase_tim.c...
compiling KeySampler.cpp...
compiling Buttons.cpp...
compiling STM32TouchController.cpp...
compiling TouchGFXGPIO.cpp...
compiling OSWrappers.cpp...
compiling TouchGFXHAL.cpp...
compiling nema_hal.c...
../TouchGFX/target/generated/TouchGFXGeneratedHAL.cpp(45): warning: unknown attribute 'zero_init' ignored [-Wunknown-attributes]
    uint32_t frameBuf[(480 * 480 * 3 + 3) / 4 * 2] LOCATION_ATTRIBUTE_NOLOAD("TouchGFX_Framebuffer");
                                                   ^~~~~~~~~~~~~~~~~~~~~~~~~~~~~~~~~~~~~~~~~~~~~~~~~
../middlewares/st/touchgfx/framework/include\touchgfx/hal/Config.hpp(83): note: expanded from macro 'LOCATION_ATTRIBUTE_NOLOAD'
#define LOCATION_ATTRIBUTE_NOLOAD(name) __attribute__((section(name), zero_init)) __attribute__((aligned(4)))
                                                                      ^~~~~~~~~
1 warning generated.
compiling TouchGFXGeneratedHAL.cpp...
compiling TouchGFXConfiguration.cpp...
compiling app_touchgfx.c...
compiling STM32DMA.cpp...
compiling stm32u5xx_hal_crc.c...
compiling stm32u5xx_hal_cortex.c...
compiling stm32u5xx_hal.c...
compiling stm32u5xx_hal_crc_ex.c...
compiling stm32u5xx_hal_i2c_ex.c...
compiling stm32u5xx_hal_rcc.c...
compiling stm32u5xx_hal_i2c.c...
compiling stm32u5xx_hal_flash.c...
compiling stm32u5xx_hal_rcc_ex.c...
compiling stm32u5xx_hal_gpio.c...
compiling stm32u5xx_hal_dma.c...
compiling stm32u5xx_hal_flash_ex.c...
compiling stm32u5xx_hal_exti.c...
compiling stm32u5xx_hal_pwr.c...
compiling stm32u5xx_hal_gtzc.c...
compiling stm32u5xx_hal_dma_ex.c...
compiling stm32u5xx_hal_pwr_ex.c...
compiling stm32u5xx_hal_icache.c...
compiling stm32u5xx_hal_dcache.c...
compiling stm32u5xx_hal_dma2d.c...
compiling stm32u5xx_hal_gpu2d.c...
compiling stm32u5xx_ll_dlyb.c...
compiling stm32u5xx_hal_dsi.c...
compiling stm32u5xx_hal_ltdc.c...
compiling stm32u5xx_hal_ltdc_ex.c...
compiling stm32u5xx_hal_xspi.c...
compiling system_stm32u5xx.c...
compiling stm32u5xx_hal_ospi.c...
compiling stm32u5xx_hal_tim_ex.c...
compiling FontScreenPresenter.cpp...
compiling FontScreenView.cpp...
compiling KoreanFusionLetters.cpp...
compiling stm32u5xx_hal_tim.c...
compiling FrontendApplication.cpp...
compiling LCDFusion.cpp...
compiling MainScreenPresenter.cpp...
compiling MainScreenView.cpp...
compiling Model.cpp...
compiling ApplicationFontProvider.cpp...
compiling BitmapDatabase.cpp...
compiling VectorFontScale.c...
compiling CachedFont.cpp...
compiling Font_verdana_20_4bpp_0.cpp...
compiling Font_verdanab_20_4bpp_0.cpp...
compiling Font_SamsungOneKorean_700_v2_0_hinted_20200508_30_4bpp_0.cpp...
compiling FontCache.cpp...
compiling GeneratedFont.cpp...
compiling image_Subbrand_STM32-2_STM32_00.cpp...
compiling image_Subbrand_STM32-2_STM32_01.cpp...
compiling FontScreenViewBase.cpp...
compiling image_Subbrand_STM32-2_STM32_02.cpp...
compiling FrontendApplicationBase.cpp...
compiling image_Subbrand_STM32-2_STM32_03.cpp...
compiling image_Subbrand_STM32-2_STM32_04.cpp...
compiling image_Subbrand_STM32-2_STM32_05.cpp...
compiling image_Subbrand_STM32-2_STM32_07.cpp...
compiling image_Subbrand_STM32-2_STM32_06.cpp...
compiling image_Subbrand_STM32-2_STM32_08.cpp...
compiling image_Subbrand_STM32-2_STM32_09.cpp...
compiling image_Subbrand_STM32-2_STM32_10.cpp...
compiling image_Subbrand_STM32-2_STM32_11.cpp...
compiling image_Subbrand_STM32-2_STM32_12.cpp...
compiling image_Subbrand_STM32-2_STM32_13.cpp...
compiling image_Subbrand_STM32-2_STM32_14.cpp...
compiling Kerning_SamsungOneKorean_700_v2_0_hinted_20200508_30_4bpp.cpp...
compiling Kerning_verdana_20_4bpp.cpp...
compiling Kerning_verdanab_20_4bpp.cpp...
compiling LanguageGb.cpp...
compiling SVGDatabase.cpp...
compiling Table_SamsungOneKorean_700_v2_0_hinted_20200508_30_4bpp.cpp...
compiling Table_verdanab_20_4bpp.cpp...
compiling Table_verdana_20_4bpp.cpp...
compiling MainScreenViewBase.cpp...
compiling Texts.cpp...
compiling TypedTextDatabase.cpp...
compiling UnmappedDataFont.cpp...
compiling croutine.c...
compiling event_groups.c...
compiling list.c...
compiling stream_buffer.c...
compiling queue.c...
compiling port.c...
compiling timers.c...
compiling portasm.c...
compiling tasks.c...
compiling heap_4.c...
compiling cmsis_os2.c...
compiling malgunbd_ttf_kern.cpp...
linking...
Program Size: Code=165304 RO-data=92572 RW-data=1382456 ZI-data=311280  
FromELF: creating hex file...
"STM32U5x9J-DK_FreeRTOS_Custom\STM32U5x9J-DK_FreeRTOS_Custom.axf" - 0 Error(s), 1 Warning(s).

<h2>Software Packages used:</h2>

Package Vendor: ARM
                http://www.keil.com/pack/ARM.CMSIS.5.9.0.pack
                ARM.CMSIS.5.9.0
                CMSIS (Common Microcontroller Software Interface Standard)
   * Component: CORE Version: 5.6.0

Package Vendor: Keil
                http://www.keil.com/pack/Keil.STM32U59x_DFP.1.0.0.pack
                Keil.STM32U59x_DFP.1.0.0
                STMicroelectronics STM32U59x-5Ax Series Device Support

<h2>Collection of Component include folders:</h2>
  ./RTE/_STM32U5x9J-DK_FreeRTOS_Custom
  C:/Users/Dale kim/AppData/Local/Arm/Packs/ARM/CMSIS/5.9.0/CMSIS/Core/Include
  C:/Users/Dale kim/AppData/Local/Arm/Packs/Keil/STM32U59x_DFP/1.0.0/Drivers/CMSIS/Device/ST/STM32U5xx/Include

<h2>Collection of Component Files used:</h2>

   * Component: ARM::CMSIS:CORE:5.6.0
      Include file:  CMSIS/Core/Include/tz_context.h
Build Time Elapsed:  00:00:36
</pre>
</body>
</html>
