<html>
<body>
<pre>
<h1>µVision Build Log</h1>
<h2>Tool Versions:</h2>
IDE-Version: µVision V5.38.0.0
Copyright (C) 2022 ARM Ltd and ARM Germany GmbH. All rights reserved.
License Information: Dale KIM, STMicroelectronics, LIC=0VR8P-6MRGM-KQKN0-9RJXQ-JWCZ1-LX2PW
 
Tool Versions:
Toolchain:       MDK-ARM Professional  Version: 5.38.0.0
Toolchain Path:  C:\Keil_v5\ARM\ARMCLANG\Bin
C Compiler:      ArmClang.exe V6.19
Assembler:       Armasm.exe V6.19
Linker/Locator:  ArmLink.exe V6.19
Library Manager: ArmAr.exe V6.19
Hex Converter:   FromElf.exe V6.19
CPU DLL:         
Dialog DLL:      
Target DLL:      STLink\ST-LINKIII-KEIL_SWO.dll V3.1.0.0
Dialog DLL:      TCM.DLL V1.56.4.0
 
<h2>Project:</h2>
C:\Workspace\STM32U5x9J-DK_FreeRTOS_Custom-main\MDK-ARM\STM32U5x9J-DK_FreeRTOS_Custom.uvprojx
Project File Date:  06/19/2023

<h2>Output:</h2>
*** Using Compiler 'V6.19', folder: 'C:\Keil_v5\ARM\ARMCLANG\Bin'
Build target 'STM32U5x9J-DK_FreeRTOS_Custom'
compiling FontScreenPresenter.cpp...
compiling FrontendApplicationBase.cpp...
compiling FontScreenView.cpp...
compiling FontScreenViewBase.cpp...
../TouchGFX/target/generated/TouchGFXGeneratedHAL.cpp(45): warning: unknown attribute 'zero_init' ignored [-Wunknown-attributes]
    uint32_t frameBuf[(480 * 480 * 3 + 3) / 4 * 2] LOCATION_ATTRIBUTE_NOLOAD("TouchGFX_Framebuffer");
                                                   ^~~~~~~~~~~~~~~~~~~~~~~~~~~~~~~~~~~~~~~~~~~~~~~~~
../middlewares/st/touchgfx/framework/include\touchgfx/hal/Config.hpp(83): note: expanded from macro 'LOCATION_ATTRIBUTE_NOLOAD'
#define LOCATION_ATTRIBUTE_NOLOAD(name) __attribute__((section(name), zero_init)) __attribute__((aligned(4)))
                                                                      ^~~~~~~~~
1 warning generated.
compiling TouchGFXGeneratedHAL.cpp...
compiling TouchGFXConfiguration.cpp...
linking...
Program Size: Code=213392 RO-data=6954284 RW-data=1384260 ZI-data=312372  
FromELF: creating hex file...
"STM32U5x9J-DK_FreeRTOS_Custom\STM32U5x9J-DK_FreeRTOS_Custom.axf" - 0 Error(s), 1 Warning(s).

<h2>Software Packages used:</h2>

Package Vendor: ARM
                http://www.keil.com/pack/ARM.CMSIS.5.9.0.pack
                ARM.CMSIS.5.9.0
                CMSIS (Common Microcontroller Software Interface Standard)
   * Component: CORE Version: 5.6.0

Package Vendor: Keil
                http://www.keil.com/pack/Keil.STM32U59x_DFP.1.0.0.pack
                Keil.STM32U59x_DFP.1.0.0
                STMicroelectronics STM32U59x-5Ax Series Device Support

<h2>Collection of Component include folders:</h2>
  ./RTE/_STM32U5x9J-DK_FreeRTOS_Custom
  C:/Users/Dale kim/AppData/Local/Arm/Packs/ARM/CMSIS/5.9.0/CMSIS/Core/Include
  C:/Users/Dale kim/AppData/Local/Arm/Packs/Keil/STM32U59x_DFP/1.0.0/Drivers/CMSIS/Device/ST/STM32U5xx/Include

<h2>Collection of Component Files used:</h2>

   * Component: ARM::CMSIS:CORE:5.6.0
      Include file:  CMSIS/Core/Include/tz_context.h
Build Time Elapsed:  00:00:08
</pre>
</body>
</html>
